INFO:     127.0.0.1:52502 - "POST /api/v1/auth/login HTTP/1.1" 200 OK
INFO:     127.0.0.1:52506 - "POST /api/v1/properties HTTP/1.1" 201 Created
INFO:     127.0.0.1:52519 - "POST /api/v1/auth/login HTTP/1.1" 200 OK
INFO:     127.0.0.1:52520 - "GET /api/v1/properties HTTP/1.1" 200 OK
INFO:     127.0.0.1:52534 - "OPTIONS /api/v1/properties HTTP/1.1" 200 OK
INFO:     127.0.0.1:52538 - "POST /api/v1/properties HTTP/1.1" 201 Created
INFO:     127.0.0.1:52538 - "GET /api/v1/properties HTTP/1.1" 200 OK
INFO:     127.0.0.1:52636 - "OPTIONS /api/v1/auth/me HTTP/1.1" 200 OK
INFO:     127.0.0.1:52637 - "OPTIONS /api/v1/properties HTTP/1.1" 200 OK
INFO:     127.0.0.1:52642 - "GET /api/v1/auth/me HTTP/1.1" 401 Unauthorized
INFO:     127.0.0.1:52643 - "GET /api/v1/properties HTTP/1.1" 401 Unauthorized
INFO:     127.0.0.1:52637 - "OPTIONS /api/v1/auth/refresh HTTP/1.1" 200 OK
2026-09-02T13:11:21.980487Z [error    ] unhandled_exception            request_id=18d1be42-c3f7-4b18-8554-0501d9ec115b
Traceback (most recent call last):
  File "E:\ROY2\analytics\analytics-backend\.venv\Lib\site-packages\starlette\middleware\errors.py", line 164, in __call__
    await self.app(scope, receive, _send)
  File "E:\ROY2\analytics\analytics-backend\.venv\Lib\site-packages\starlette\middleware\cors.py", line 96, in __call__
    await self.simple_response(scope, receive, send, request_headers=headers)
  File "E:\ROY2\analytics\analytics-backend\.venv\Lib\site-packages\starlette\middleware\cors.py", line 154, in simple_response
    await self.app(scope, receive, send)
  File "E:\ROY2\analytics\analytics-backend\.venv\Lib\site-packages\starlette\middleware\base.py", line 193, in __call__
    response = await self.dispatch_func(request, call_next)
               ^^^^^^^^^^^^^^^^^^^^^^^^^^^^^^^^^^^^^^^^^^^^
  File "E:\ROY2\analytics\analytics-backend\app\api\middleware\request_id.py", line 20, in dispatch
    response = await call_next(request)
               ^^^^^^^^^^^^^^^^^^^^^^^^
  File "E:\ROY2\analytics\analytics-backend\.venv\Lib\site-packages\starlette\middleware\base.py", line 168, in call_next
    raise app_exc from app_exc.__cause__ or app_exc.__context__
  File "E:\ROY2\analytics\analytics-backend\.venv\Lib\site-packages\starlette\middleware\base.py", line 144, in coro
    await self.app(scope, receive_or_disconnect, send_no_error)
  File "E:\ROY2\analytics\analytics-backend\.venv\Lib\site-packages\starlette\middleware\exceptions.py", line 63, in __call__
    await wrap_app_handling_exceptions(self.app, conn)(scope, receive, send)
  File "E:\ROY2\analytics\analytics-backend\.venv\Lib\site-packages\starlette\_exception_handler.py", line 53, in wrapped_app
    raise exc
  File "E:\ROY2\analytics\analytics-backend\.venv\Lib\site-packages\starlette\_exception_handler.py", line 42, in wrapped_app
    await app(scope, receive, sender)
  File "E:\ROY2\analytics\analytics-backend\.venv\Lib\site-packages\fastapi\middleware\asyncexitstack.py", line 18, in __call__
    await self.app(scope, receive, send)
  File "E:\ROY2\analytics\analytics-backend\.venv\Lib\site-packages\starlette\routing.py", line 670, in __call__
    await self.middleware_stack(scope, receive, send)
  File "E:\ROY2\analytics\analytics-backend\.venv\Lib\site-packages\fastapi\routing.py", line 2734, in app
    await route.handle(scope, receive, send)
  File "E:\ROY2\analytics\analytics-backend\.venv\Lib\site-packages\fastapi\routing.py", line 1780, in handle
    await self.original_router.handle(scope, receive, send)
  File "E:\ROY2\analytics\analytics-backend\.venv\Lib\site-packages\fastapi\routing.py", line 2789, in handle
    await included_router._handle_selected(scope, receive, send)
  File "E:\ROY2\analytics\analytics-backend\.venv\Lib\site-packages\fastapi\routing.py", line 1791, in _handle_selected
    await route.handle(scope, receive, send)
  File "E:\ROY2\analytics\analytics-backend\.venv\Lib\site-packages\fastapi\routing.py", line 1780, in handle
    await self.original_router.handle(scope, receive, send)
  File "E:\ROY2\analytics\analytics-backend\.venv\Lib\site-packages\fastapi\routing.py", line 2789, in handle
    await included_router._handle_selected(scope, receive, send)
  File "E:\ROY2\analytics\analytics-backend\.venv\Lib\site-packages\fastapi\routing.py", line 1800, in _handle_selected
    await original_route.handle(scope, receive, send)
  File "E:\ROY2\analytics\analytics-backend\.venv\Lib\site-packages\fastapi\routing.py", line 1279, in handle
    await app(scope, receive, send)
  File "E:\ROY2\analytics\analytics-backend\.venv\Lib\site-packages\fastapi\routing.py", line 158, in app
    await wrap_app_handling_exceptions(app, request)(scope, receive, send)
  File "E:\ROY2\analytics\analytics-backend\.venv\Lib\site-packages\starlette\_exception_handler.py", line 53, in wrapped_app
    raise exc
  File "E:\ROY2\analytics\analytics-backend\.venv\Lib\site-packages\starlette\_exception_handler.py", line 42, in wrapped_app
    await app(scope, receive, sender)
  File "E:\ROY2\analytics\analytics-backend\.venv\Lib\site-packages\fastapi\routing.py", line 144, in app
    response = await f(request)
               ^^^^^^^^^^^^^^^^
  File "E:\ROY2\analytics\analytics-backend\.venv\Lib\site-packages\fastapi\routing.py", line 706, in app
    raw_response = await run_endpoint_function(
                   ^^^^^^^^^^^^^^^^^^^^^^^^^^^^
    ...<3 lines>...
    )
    ^
  File "E:\ROY2\analytics\analytics-backend\.venv\Lib\site-packages\fastapi\routing.py", line 352, in run_endpoint_function
    return await dependant.call(**values)
           ^^^^^^^^^^^^^^^^^^^^^^^^^^^^^^
  File "E:\ROY2\analytics\analytics-backend\app\api\v1\auth.py", line 108, in refresh
    result = await service.refresh(
             ^^^^^^^^^^^^^^^^^^^^^^
    ...<3 lines>...
    )
    ^
  File "E:\ROY2\analytics\analytics-backend\app\services\auth_service.py", line 128, in refresh
    if token is None or token.expires_at < utcnow():
                        ^^^^^^^^^^^^^^^^^^^^^^^^^^^
TypeError: can't compare offset-naive and offset-aware datetimes
INFO:     127.0.0.1:52643 - "POST /api/v1/auth/refresh HTTP/1.1" 500 Internal Server Error
INFO:     127.0.0.1:52644 - "GET /api/v1/auth/me HTTP/1.1" 401 Unauthorized
INFO:     127.0.0.1:52644 - "GET /api/v1/properties HTTP/1.1" 401 Unauthorized
2026-09-02T13:11:25.899602Z [error    ] unhandled_exception            request_id=24fe026b-0b0c-4b30-be0f-1fb917c914f0
Traceback (most recent call last):
  File "E:\ROY2\analytics\analytics-backend\.venv\Lib\site-packages\starlette\middleware\errors.py", line 164, in __call__
    await self.app(scope, receive, _send)
  File "E:\ROY2\analytics\analytics-backend\.venv\Lib\site-packages\starlette\middleware\cors.py", line 96, in __call__
    await self.simple_response(scope, receive, send, request_headers=headers)
  File "E:\ROY2\analytics\analytics-backend\.venv\Lib\site-packages\starlette\middleware\cors.py", line 154, in simple_response
    await self.app(scope, receive, send)
  File "E:\ROY2\analytics\analytics-backend\.venv\Lib\site-packages\starlette\middleware\base.py", line 193, in __call__
    response = await self.dispatch_func(request, call_next)
               ^^^^^^^^^^^^^^^^^^^^^^^^^^^^^^^^^^^^^^^^^^^^
  File "E:\ROY2\analytics\analytics-backend\app\api\middleware\request_id.py", line 20, in dispatch
    response = await call_next(request)
               ^^^^^^^^^^^^^^^^^^^^^^^^
  File "E:\ROY2\analytics\analytics-backend\.venv\Lib\site-packages\starlette\middleware\base.py", line 168, in call_next
    raise app_exc from app_exc.__cause__ or app_exc.__context__
  File "E:\ROY2\analytics\analytics-backend\.venv\Lib\site-packages\starlette\middleware\base.py", line 144, in coro
    await self.app(scope, receive_or_disconnect, send_no_error)
  File "E:\ROY2\analytics\analytics-backend\.venv\Lib\site-packages\starlette\middleware\exceptions.py", line 63, in __call__
    await wrap_app_handling_exceptions(self.app, conn)(scope, receive, send)
  File "E:\ROY2\analytics\analytics-backend\.venv\Lib\site-packages\starlette\_exception_handler.py", line 53, in wrapped_app
    raise exc
  File "E:\ROY2\analytics\analytics-backend\.venv\Lib\site-packages\starlette\_exception_handler.py", line 42, in wrapped_app
    await app(scope, receive, sender)
  File "E:\ROY2\analytics\analytics-backend\.venv\Lib\site-packages\fastapi\middleware\asyncexitstack.py", line 18, in __call__
    await self.app(scope, receive, send)
  File "E:\ROY2\analytics\analytics-backend\.venv\Lib\site-packages\starlette\routing.py", line 670, in __call__
    await self.middleware_stack(scope, receive, send)
  File "E:\ROY2\analytics\analytics-backend\.venv\Lib\site-packages\fastapi\routing.py", line 2734, in app
    await route.handle(scope, receive, send)
  File "E:\ROY2\analytics\analytics-backend\.venv\Lib\site-packages\fastapi\routing.py", line 1780, in handle
    await self.original_router.handle(scope, receive, send)
  File "E:\ROY2\analytics\analytics-backend\.venv\Lib\site-packages\fastapi\routing.py", line 2789, in handle
    await included_router._handle_selected(scope, receive, send)
  File "E:\ROY2\analytics\analytics-backend\.venv\Lib\site-packages\fastapi\routing.py", line 1791, in _handle_selected
    await route.handle(scope, receive, send)
  File "E:\ROY2\analytics\analytics-backend\.venv\Lib\site-packages\fastapi\routing.py", line 1780, in handle
    await self.original_router.handle(scope, receive, send)
  File "E:\ROY2\analytics\analytics-backend\.venv\Lib\site-packages\fastapi\routing.py", line 2789, in handle
    await included_router._handle_selected(scope, receive, send)
  File "E:\ROY2\analytics\analytics-backend\.venv\Lib\site-packages\fastapi\routing.py", line 1800, in _handle_selected
    await original_route.handle(scope, receive, send)
  File "E:\ROY2\analytics\analytics-backend\.venv\Lib\site-packages\fastapi\routing.py", line 1279, in handle
    await app(scope, receive, send)
  File "E:\ROY2\analytics\analytics-backend\.venv\Lib\site-packages\fastapi\routing.py", line 158, in app
    await wrap_app_handling_exceptions(app, request)(scope, receive, send)
  File "E:\ROY2\analytics\analytics-backend\.venv\Lib\site-packages\starlette\_exception_handler.py", line 53, in wrapped_app
    raise exc
  File "E:\ROY2\analytics\analytics-backend\.venv\Lib\site-packages\starlette\_exception_handler.py", line 42, in wrapped_app
    await app(scope, receive, sender)
  File "E:\ROY2\analytics\analytics-backend\.venv\Lib\site-packages\fastapi\routing.py", line 144, in app
    response = await f(request)
               ^^^^^^^^^^^^^^^^
  File "E:\ROY2\analytics\analytics-backend\.venv\Lib\site-packages\fastapi\routing.py", line 706, in app
    raw_response = await run_endpoint_function(
                   ^^^^^^^^^^^^^^^^^^^^^^^^^^^^
    ...<3 lines>...
    )
    ^
  File "E:\ROY2\analytics\analytics-backend\.venv\Lib\site-packages\fastapi\routing.py", line 352, in run_endpoint_function
    return await dependant.call(**values)
           ^^^^^^^^^^^^^^^^^^^^^^^^^^^^^^
  File "E:\ROY2\analytics\analytics-backend\app\api\v1\auth.py", line 108, in refresh
    result = await service.refresh(
             ^^^^^^^^^^^^^^^^^^^^^^
    ...<3 lines>...
    )
    ^
  File "E:\ROY2\analytics\analytics-backend\app\services\auth_service.py", line 128, in refresh
    if token is None or token.expires_at < utcnow():
                        ^^^^^^^^^^^^^^^^^^^^^^^^^^^
TypeError: can't compare offset-naive and offset-aware datetimes
INFO:     127.0.0.1:52644 - "POST /api/v1/auth/refresh HTTP/1.1" 500 Internal Server Error
2026-09-02T13:12:59.384547Z [error    ] unhandled_exception            request_id=500f9cb1-9194-46e7-ac09-32b20b49d96b
Traceback (most recent call last):
  File "E:\ROY2\analytics\analytics-backend\.venv\Lib\site-packages\starlette\middleware\errors.py", line 164, in __call__
    await self.app(scope, receive, _send)
  File "E:\ROY2\analytics\analytics-backend\.venv\Lib\site-packages\starlette\middleware\cors.py", line 96, in __call__
    await self.simple_response(scope, receive, send, request_headers=headers)
  File "E:\ROY2\analytics\analytics-backend\.venv\Lib\site-packages\starlette\middleware\cors.py", line 154, in simple_response
    await self.app(scope, receive, send)
  File "E:\ROY2\analytics\analytics-backend\.venv\Lib\site-packages\starlette\middleware\base.py", line 193, in __call__
    response = await self.dispatch_func(request, call_next)
               ^^^^^^^^^^^^^^^^^^^^^^^^^^^^^^^^^^^^^^^^^^^^
  File "E:\ROY2\analytics\analytics-backend\app\api\middleware\request_id.py", line 20, in dispatch
    response = await call_next(request)
               ^^^^^^^^^^^^^^^^^^^^^^^^
  File "E:\ROY2\analytics\analytics-backend\.venv\Lib\site-packages\starlette\middleware\base.py", line 168, in call_next
    raise app_exc from app_exc.__cause__ or app_exc.__context__
  File "E:\ROY2\analytics\analytics-backend\.venv\Lib\site-packages\starlette\middleware\base.py", line 144, in coro
    await self.app(scope, receive_or_disconnect, send_no_error)
  File "E:\ROY2\analytics\analytics-backend\.venv\Lib\site-packages\starlette\middleware\exceptions.py", line 63, in __call__
    await wrap_app_handling_exceptions(self.app, conn)(scope, receive, send)
  File "E:\ROY2\analytics\analytics-backend\.venv\Lib\site-packages\starlette\_exception_handler.py", line 53, in wrapped_app
    raise exc
  File "E:\ROY2\analytics\analytics-backend\.venv\Lib\site-packages\starlette\_exception_handler.py", line 42, in wrapped_app
    await app(scope, receive, sender)
  File "E:\ROY2\analytics\analytics-backend\.venv\Lib\site-packages\fastapi\middleware\asyncexitstack.py", line 18, in __call__
    await self.app(scope, receive, send)
  File "E:\ROY2\analytics\analytics-backend\.venv\Lib\site-packages\starlette\routing.py", line 670, in __call__
    await self.middleware_stack(scope, receive, send)
  File "E:\ROY2\analytics\analytics-backend\.venv\Lib\site-packages\fastapi\routing.py", line 2734, in app
    await route.handle(scope, receive, send)
  File "E:\ROY2\analytics\analytics-backend\.venv\Lib\site-packages\fastapi\routing.py", line 1780, in handle
    await self.original_router.handle(scope, receive, send)
  File "E:\ROY2\analytics\analytics-backend\.venv\Lib\site-packages\fastapi\routing.py", line 2789, in handle
    await included_router._handle_selected(scope, receive, send)
  File "E:\ROY2\analytics\analytics-backend\.venv\Lib\site-packages\fastapi\routing.py", line 1791, in _handle_selected
    await route.handle(scope, receive, send)
  File "E:\ROY2\analytics\analytics-backend\.venv\Lib\site-packages\fastapi\routing.py", line 1780, in handle
    await self.original_router.handle(scope, receive, send)
  File "E:\ROY2\analytics\analytics-backend\.venv\Lib\site-packages\fastapi\routing.py", line 2789, in handle
    await included_router._handle_selected(scope, receive, send)
  File "E:\ROY2\analytics\analytics-backend\.venv\Lib\site-packages\fastapi\routing.py", line 1800, in _handle_selected
    await original_route.handle(scope, receive, send)
  File "E:\ROY2\analytics\analytics-backend\.venv\Lib\site-packages\fastapi\routing.py", line 1279, in handle
    await app(scope, receive, send)
  File "E:\ROY2\analytics\analytics-backend\.venv\Lib\site-packages\fastapi\routing.py", line 158, in app
    await wrap_app_handling_exceptions(app, request)(scope, receive, send)
  File "E:\ROY2\analytics\analytics-backend\.venv\Lib\site-packages\starlette\_exception_handler.py", line 53, in wrapped_app
    raise exc
  File "E:\ROY2\analytics\analytics-backend\.venv\Lib\site-packages\starlette\_exception_handler.py", line 42, in wrapped_app
    await app(scope, receive, sender)
  File "E:\ROY2\analytics\analytics-backend\.venv\Lib\site-packages\fastapi\routing.py", line 144, in app
    response = await f(request)
               ^^^^^^^^^^^^^^^^
  File "E:\ROY2\analytics\analytics-backend\.venv\Lib\site-packages\fastapi\routing.py", line 706, in app
    raw_response = await run_endpoint_function(
                   ^^^^^^^^^^^^^^^^^^^^^^^^^^^^
    ...<3 lines>...
    )
    ^
  File "E:\ROY2\analytics\analytics-backend\.venv\Lib\site-packages\fastapi\routing.py", line 352, in run_endpoint_function
    return await dependant.call(**values)
           ^^^^^^^^^^^^^^^^^^^^^^^^^^^^^^
  File "E:\ROY2\analytics\analytics-backend\app\api\v1\auth.py", line 108, in refresh
    result = await service.refresh(
             ^^^^^^^^^^^^^^^^^^^^^^
    ...<3 lines>...
    )
    ^
  File "E:\ROY2\analytics\analytics-backend\app\services\auth_service.py", line 128, in refresh
    if token is None or token.expires_at < utcnow():
                        ^^^^^^^^^^^^^^^^^^^^^^^^^^^
TypeError: can't compare offset-naive and offset-aware datetimes
INFO:     127.0.0.1:52670 - "POST /api/v1/auth/refresh HTTP/1.1" 500 Internal Server Error
2026-09-02T13:13:00.056480Z [error    ] unhandled_exception            request_id=83f4c090-a554-4630-b429-5bc27f2103f3
Traceback (most recent call last):
  File "E:\ROY2\analytics\analytics-backend\.venv\Lib\site-packages\starlette\middleware\errors.py", line 164, in __call__
    await self.app(scope, receive, _send)
  File "E:\ROY2\analytics\analytics-backend\.venv\Lib\site-packages\starlette\middleware\cors.py", line 96, in __call__
    await self.simple_response(scope, receive, send, request_headers=headers)
  File "E:\ROY2\analytics\analytics-backend\.venv\Lib\site-packages\starlette\middleware\cors.py", line 154, in simple_response
    await self.app(scope, receive, send)
  File "E:\ROY2\analytics\analytics-backend\.venv\Lib\site-packages\starlette\middleware\base.py", line 193, in __call__
    response = await self.dispatch_func(request, call_next)
               ^^^^^^^^^^^^^^^^^^^^^^^^^^^^^^^^^^^^^^^^^^^^
  File "E:\ROY2\analytics\analytics-backend\app\api\middleware\request_id.py", line 20, in dispatch
    response = await call_next(request)
               ^^^^^^^^^^^^^^^^^^^^^^^^
  File "E:\ROY2\analytics\analytics-backend\.venv\Lib\site-packages\starlette\middleware\base.py", line 168, in call_next
    raise app_exc from app_exc.__cause__ or app_exc.__context__
  File "E:\ROY2\analytics\analytics-backend\.venv\Lib\site-packages\starlette\middleware\base.py", line 144, in coro
    await self.app(scope, receive_or_disconnect, send_no_error)
  File "E:\ROY2\analytics\analytics-backend\.venv\Lib\site-packages\starlette\middleware\exceptions.py", line 63, in __call__
    await wrap_app_handling_exceptions(self.app, conn)(scope, receive, send)
  File "E:\ROY2\analytics\analytics-backend\.venv\Lib\site-packages\starlette\_exception_handler.py", line 53, in wrapped_app
    raise exc
  File "E:\ROY2\analytics\analytics-backend\.venv\Lib\site-packages\starlette\_exception_handler.py", line 42, in wrapped_app
    await app(scope, receive, sender)
  File "E:\ROY2\analytics\analytics-backend\.venv\Lib\site-packages\fastapi\middleware\asyncexitstack.py", line 18, in __call__
    await self.app(scope, receive, send)
  File "E:\ROY2\analytics\analytics-backend\.venv\Lib\site-packages\starlette\routing.py", line 670, in __call__
    await self.middleware_stack(scope, receive, send)
  File "E:\ROY2\analytics\analytics-backend\.venv\Lib\site-packages\fastapi\routing.py", line 2734, in app
    await route.handle(scope, receive, send)
  File "E:\ROY2\analytics\analytics-backend\.venv\Lib\site-packages\fastapi\routing.py", line 1780, in handle
    await self.original_router.handle(scope, receive, send)
  File "E:\ROY2\analytics\analytics-backend\.venv\Lib\site-packages\fastapi\routing.py", line 2789, in handle
    await included_router._handle_selected(scope, receive, send)
  File "E:\ROY2\analytics\analytics-backend\.venv\Lib\site-packages\fastapi\routing.py", line 1791, in _handle_selected
    await route.handle(scope, receive, send)
  File "E:\ROY2\analytics\analytics-backend\.venv\Lib\site-packages\fastapi\routing.py", line 1780, in handle
    await self.original_router.handle(scope, receive, send)
  File "E:\ROY2\analytics\analytics-backend\.venv\Lib\site-packages\fastapi\routing.py", line 2789, in handle
    await included_router._handle_selected(scope, receive, send)
  File "E:\ROY2\analytics\analytics-backend\.venv\Lib\site-packages\fastapi\routing.py", line 1800, in _handle_selected
    await original_route.handle(scope, receive, send)
  File "E:\ROY2\analytics\analytics-backend\.venv\Lib\site-packages\fastapi\routing.py", line 1279, in handle
    await app(scope, receive, send)
  File "E:\ROY2\analytics\analytics-backend\.venv\Lib\site-packages\fastapi\routing.py", line 158, in app
    await wrap_app_handling_exceptions(app, request)(scope, receive, send)
  File "E:\ROY2\analytics\analytics-backend\.venv\Lib\site-packages\starlette\_exception_handler.py", line 53, in wrapped_app
    raise exc
  File "E:\ROY2\analytics\analytics-backend\.venv\Lib\site-packages\starlette\_exception_handler.py", line 42, in wrapped_app
    await app(scope, receive, sender)
  File "E:\ROY2\analytics\analytics-backend\.venv\Lib\site-packages\fastapi\routing.py", line 144, in app
    response = await f(request)
               ^^^^^^^^^^^^^^^^
  File "E:\ROY2\analytics\analytics-backend\.venv\Lib\site-packages\fastapi\routing.py", line 706, in app
    raw_response = await run_endpoint_function(
                   ^^^^^^^^^^^^^^^^^^^^^^^^^^^^
    ...<3 lines>...
    )
    ^
  File "E:\ROY2\analytics\analytics-backend\.venv\Lib\site-packages\fastapi\routing.py", line 352, in run_endpoint_function
    return await dependant.call(**values)
           ^^^^^^^^^^^^^^^^^^^^^^^^^^^^^^
  File "E:\ROY2\analytics\analytics-backend\app\api\v1\auth.py", line 108, in refresh
    result = await service.refresh(
             ^^^^^^^^^^^^^^^^^^^^^^
    ...<3 lines>...
    )
    ^
  File "E:\ROY2\analytics\analytics-backend\app\services\auth_service.py", line 128, in refresh
    if token is None or token.expires_at < utcnow():
                        ^^^^^^^^^^^^^^^^^^^^^^^^^^^
TypeError: can't compare offset-naive and offset-aware datetimes
INFO:     127.0.0.1:52671 - "POST /api/v1/auth/refresh HTTP/1.1" 500 Internal Server Error
INFO:     127.0.0.1:52682 - "OPTIONS /api/v1/auth/login HTTP/1.1" 200 OK
INFO:     127.0.0.1:52673 - "POST /api/v1/auth/login HTTP/1.1" 200 OK
INFO:     127.0.0.1:52683 - "OPTIONS /api/v1/auth/login HTTP/1.1" 200 OK
INFO:     127.0.0.1:52691 - "POST /api/v1/auth/login HTTP/1.1" 200 OK
INFO:     127.0.0.1:52691 - "GET /api/v1/auth/me HTTP/1.1" 200 OK
INFO:     127.0.0.1:52692 - "GET /api/v1/properties HTTP/1.1" 200 OK
2026-09-02T13:14:25.323548Z [error    ] unhandled_exception            request_id=0139020c-e002-46ff-a09a-d136a18e1dcc
Traceback (most recent call last):
  File "E:\ROY2\analytics\analytics-backend\.venv\Lib\site-packages\starlette\middleware\errors.py", line 164, in __call__
    await self.app(scope, receive, _send)
  File "E:\ROY2\analytics\analytics-backend\.venv\Lib\site-packages\starlette\middleware\cors.py", line 96, in __call__
    await self.simple_response(scope, receive, send, request_headers=headers)
  File "E:\ROY2\analytics\analytics-backend\.venv\Lib\site-packages\starlette\middleware\cors.py", line 154, in simple_response
    await self.app(scope, receive, send)
  File "E:\ROY2\analytics\analytics-backend\.venv\Lib\site-packages\starlette\middleware\base.py", line 193, in __call__
    response = await self.dispatch_func(request, call_next)
               ^^^^^^^^^^^^^^^^^^^^^^^^^^^^^^^^^^^^^^^^^^^^
  File "E:\ROY2\analytics\analytics-backend\app\api\middleware\request_id.py", line 20, in dispatch
    response = await call_next(request)
               ^^^^^^^^^^^^^^^^^^^^^^^^
  File "E:\ROY2\analytics\analytics-backend\.venv\Lib\site-packages\starlette\middleware\base.py", line 168, in call_next
    raise app_exc from app_exc.__cause__ or app_exc.__context__
  File "E:\ROY2\analytics\analytics-backend\.venv\Lib\site-packages\starlette\middleware\base.py", line 144, in coro
    await self.app(scope, receive_or_disconnect, send_no_error)
  File "E:\ROY2\analytics\analytics-backend\.venv\Lib\site-packages\starlette\middleware\exceptions.py", line 63, in __call__
    await wrap_app_handling_exceptions(self.app, conn)(scope, receive, send)
  File "E:\ROY2\analytics\analytics-backend\.venv\Lib\site-packages\starlette\_exception_handler.py", line 53, in wrapped_app
    raise exc
  File "E:\ROY2\analytics\analytics-backend\.venv\Lib\site-packages\starlette\_exception_handler.py", line 42, in wrapped_app
    await app(scope, receive, sender)
  File "E:\ROY2\analytics\analytics-backend\.venv\Lib\site-packages\fastapi\middleware\asyncexitstack.py", line 18, in __call__
    await self.app(scope, receive, send)
  File "E:\ROY2\analytics\analytics-backend\.venv\Lib\site-packages\starlette\routing.py", line 670, in __call__
    await self.middleware_stack(scope, receive, send)
  File "E:\ROY2\analytics\analytics-backend\.venv\Lib\site-packages\fastapi\routing.py", line 2734, in app
    await route.handle(scope, receive, send)
  File "E:\ROY2\analytics\analytics-backend\.venv\Lib\site-packages\fastapi\routing.py", line 1780, in handle
    await self.original_router.handle(scope, receive, send)
  File "E:\ROY2\analytics\analytics-backend\.venv\Lib\site-packages\fastapi\routing.py", line 2789, in handle
    await included_router._handle_selected(scope, receive, send)
  File "E:\ROY2\analytics\analytics-backend\.venv\Lib\site-packages\fastapi\routing.py", line 1791, in _handle_selected
    await route.handle(scope, receive, send)
  File "E:\ROY2\analytics\analytics-backend\.venv\Lib\site-packages\fastapi\routing.py", line 1780, in handle
    await self.original_router.handle(scope, receive, send)
  File "E:\ROY2\analytics\analytics-backend\.venv\Lib\site-packages\fastapi\routing.py", line 2789, in handle
    await included_router._handle_selected(scope, receive, send)
  File "E:\ROY2\analytics\analytics-backend\.venv\Lib\site-packages\fastapi\routing.py", line 1800, in _handle_selected
    await original_route.handle(scope, receive, send)
  File "E:\ROY2\analytics\analytics-backend\.venv\Lib\site-packages\fastapi\routing.py", line 1279, in handle
    await app(scope, receive, send)
  File "E:\ROY2\analytics\analytics-backend\.venv\Lib\site-packages\fastapi\routing.py", line 158, in app
    await wrap_app_handling_exceptions(app, request)(scope, receive, send)
  File "E:\ROY2\analytics\analytics-backend\.venv\Lib\site-packages\starlette\_exception_handler.py", line 53, in wrapped_app
    raise exc
  File "E:\ROY2\analytics\analytics-backend\.venv\Lib\site-packages\starlette\_exception_handler.py", line 42, in wrapped_app
    await app(scope, receive, sender)
  File "E:\ROY2\analytics\analytics-backend\.venv\Lib\site-packages\fastapi\routing.py", line 144, in app
    response = await f(request)
               ^^^^^^^^^^^^^^^^
  File "E:\ROY2\analytics\analytics-backend\.venv\Lib\site-packages\fastapi\routing.py", line 706, in app
    raw_response = await run_endpoint_function(
                   ^^^^^^^^^^^^^^^^^^^^^^^^^^^^
    ...<3 lines>...
    )
    ^
  File "E:\ROY2\analytics\analytics-backend\.venv\Lib\site-packages\fastapi\routing.py", line 352, in run_endpoint_function
    return await dependant.call(**values)
           ^^^^^^^^^^^^^^^^^^^^^^^^^^^^^^
  File "E:\ROY2\analytics\analytics-backend\app\api\v1\auth.py", line 108, in refresh
    result = await service.refresh(
             ^^^^^^^^^^^^^^^^^^^^^^
    ...<3 lines>...
    )
    ^
  File "E:\ROY2\analytics\analytics-backend\app\services\auth_service.py", line 128, in refresh
    if token is None or token.expires_at < utcnow():
                        ^^^^^^^^^^^^^^^^^^^^^^^^^^^
TypeError: can't compare offset-naive and offset-aware datetimes
INFO:     127.0.0.1:52710 - "POST /api/v1/auth/refresh HTTP/1.1" 500 Internal Server Error
2026-09-02T13:14:26.775533Z [error    ] unhandled_exception            request_id=0a14aed2-c2b7-41ad-8e91-136471f4900a
Traceback (most recent call last):
  File "E:\ROY2\analytics\analytics-backend\.venv\Lib\site-packages\starlette\middleware\errors.py", line 164, in __call__
    await self.app(scope, receive, _send)
  File "E:\ROY2\analytics\analytics-backend\.venv\Lib\site-packages\starlette\middleware\cors.py", line 96, in __call__
    await self.simple_response(scope, receive, send, request_headers=headers)
  File "E:\ROY2\analytics\analytics-backend\.venv\Lib\site-packages\starlette\middleware\cors.py", line 154, in simple_response
    await self.app(scope, receive, send)
  File "E:\ROY2\analytics\analytics-backend\.venv\Lib\site-packages\starlette\middleware\base.py", line 193, in __call__
    response = await self.dispatch_func(request, call_next)
               ^^^^^^^^^^^^^^^^^^^^^^^^^^^^^^^^^^^^^^^^^^^^
  File "E:\ROY2\analytics\analytics-backend\app\api\middleware\request_id.py", line 20, in dispatch
    response = await call_next(request)
               ^^^^^^^^^^^^^^^^^^^^^^^^
  File "E:\ROY2\analytics\analytics-backend\.venv\Lib\site-packages\starlette\middleware\base.py", line 168, in call_next
    raise app_exc from app_exc.__cause__ or app_exc.__context__
  File "E:\ROY2\analytics\analytics-backend\.venv\Lib\site-packages\starlette\middleware\base.py", line 144, in coro
    await self.app(scope, receive_or_disconnect, send_no_error)
  File "E:\ROY2\analytics\analytics-backend\.venv\Lib\site-packages\starlette\middleware\exceptions.py", line 63, in __call__
    await wrap_app_handling_exceptions(self.app, conn)(scope, receive, send)
  File "E:\ROY2\analytics\analytics-backend\.venv\Lib\site-packages\starlette\_exception_handler.py", line 53, in wrapped_app
    raise exc
  File "E:\ROY2\analytics\analytics-backend\.venv\Lib\site-packages\starlette\_exception_handler.py", line 42, in wrapped_app
    await app(scope, receive, sender)
  File "E:\ROY2\analytics\analytics-backend\.venv\Lib\site-packages\fastapi\middleware\asyncexitstack.py", line 18, in __call__
    await self.app(scope, receive, send)
  File "E:\ROY2\analytics\analytics-backend\.venv\Lib\site-packages\starlette\routing.py", line 670, in __call__
    await self.middleware_stack(scope, receive, send)
  File "E:\ROY2\analytics\analytics-backend\.venv\Lib\site-packages\fastapi\routing.py", line 2734, in app
    await route.handle(scope, receive, send)
  File "E:\ROY2\analytics\analytics-backend\.venv\Lib\site-packages\fastapi\routing.py", line 1780, in handle
    await self.original_router.handle(scope, receive, send)
  File "E:\ROY2\analytics\analytics-backend\.venv\Lib\site-packages\fastapi\routing.py", line 2789, in handle
    await included_router._handle_selected(scope, receive, send)
  File "E:\ROY2\analytics\analytics-backend\.venv\Lib\site-packages\fastapi\routing.py", line 1791, in _handle_selected
    await route.handle(scope, receive, send)
  File "E:\ROY2\analytics\analytics-backend\.venv\Lib\site-packages\fastapi\routing.py", line 1780, in handle
    await self.original_router.handle(scope, receive, send)
  File "E:\ROY2\analytics\analytics-backend\.venv\Lib\site-packages\fastapi\routing.py", line 2789, in handle
    await included_router._handle_selected(scope, receive, send)
  File "E:\ROY2\analytics\analytics-backend\.venv\Lib\site-packages\fastapi\routing.py", line 1800, in _handle_selected
    await original_route.handle(scope, receive, send)
  File "E:\ROY2\analytics\analytics-backend\.venv\Lib\site-packages\fastapi\routing.py", line 1279, in handle
    await app(scope, receive, send)
  File "E:\ROY2\analytics\analytics-backend\.venv\Lib\site-packages\fastapi\routing.py", line 158, in app
    await wrap_app_handling_exceptions(app, request)(scope, receive, send)
  File "E:\ROY2\analytics\analytics-backend\.venv\Lib\site-packages\starlette\_exception_handler.py", line 53, in wrapped_app
    raise exc
  File "E:\ROY2\analytics\analytics-backend\.venv\Lib\site-packages\starlette\_exception_handler.py", line 42, in wrapped_app
    await app(scope, receive, sender)
  File "E:\ROY2\analytics\analytics-backend\.venv\Lib\site-packages\fastapi\routing.py", line 144, in app
    response = await f(request)
               ^^^^^^^^^^^^^^^^
  File "E:\ROY2\analytics\analytics-backend\.venv\Lib\site-packages\fastapi\routing.py", line 706, in app
    raw_response = await run_endpoint_function(
                   ^^^^^^^^^^^^^^^^^^^^^^^^^^^^
    ...<3 lines>...
    )
    ^
  File "E:\ROY2\analytics\analytics-backend\.venv\Lib\site-packages\fastapi\routing.py", line 352, in run_endpoint_function
    return await dependant.call(**values)
           ^^^^^^^^^^^^^^^^^^^^^^^^^^^^^^
  File "E:\ROY2\analytics\analytics-backend\app\api\v1\auth.py", line 108, in refresh
    result = await service.refresh(
             ^^^^^^^^^^^^^^^^^^^^^^
    ...<3 lines>...
    )
    ^
  File "E:\ROY2\analytics\analytics-backend\app\services\auth_service.py", line 128, in refresh
    if token is None or token.expires_at < utcnow():
                        ^^^^^^^^^^^^^^^^^^^^^^^^^^^
TypeError: can't compare offset-naive and offset-aware datetimes
INFO:     127.0.0.1:52709 - "POST /api/v1/auth/refresh HTTP/1.1" 500 Internal Server Error
2026-09-02T13:17:07.101200Z [error    ] unhandled_exception            request_id=e6abf37a-204f-44c2-8fe7-89038aa9e434
Traceback (most recent call last):
  File "E:\ROY2\analytics\analytics-backend\.venv\Lib\site-packages\starlette\middleware\errors.py", line 164, in __call__
    await self.app(scope, receive, _send)
  File "E:\ROY2\analytics\analytics-backend\.venv\Lib\site-packages\starlette\middleware\cors.py", line 96, in __call__
    await self.simple_response(scope, receive, send, request_headers=headers)
  File "E:\ROY2\analytics\analytics-backend\.venv\Lib\site-packages\starlette\middleware\cors.py", line 154, in simple_response
    await self.app(scope, receive, send)
  File "E:\ROY2\analytics\analytics-backend\.venv\Lib\site-packages\starlette\middleware\base.py", line 193, in __call__
    response = await self.dispatch_func(request, call_next)
               ^^^^^^^^^^^^^^^^^^^^^^^^^^^^^^^^^^^^^^^^^^^^
  File "E:\ROY2\analytics\analytics-backend\app\api\middleware\request_id.py", line 20, in dispatch
    response = await call_next(request)
               ^^^^^^^^^^^^^^^^^^^^^^^^
  File "E:\ROY2\analytics\analytics-backend\.venv\Lib\site-packages\starlette\middleware\base.py", line 168, in call_next
    raise app_exc from app_exc.__cause__ or app_exc.__context__
  File "E:\ROY2\analytics\analytics-backend\.venv\Lib\site-packages\starlette\middleware\base.py", line 144, in coro
    await self.app(scope, receive_or_disconnect, send_no_error)
  File "E:\ROY2\analytics\analytics-backend\.venv\Lib\site-packages\starlette\middleware\exceptions.py", line 63, in __call__
    await wrap_app_handling_exceptions(self.app, conn)(scope, receive, send)
  File "E:\ROY2\analytics\analytics-backend\.venv\Lib\site-packages\starlette\_exception_handler.py", line 53, in wrapped_app
    raise exc
  File "E:\ROY2\analytics\analytics-backend\.venv\Lib\site-packages\starlette\_exception_handler.py", line 42, in wrapped_app
    await app(scope, receive, sender)
  File "E:\ROY2\analytics\analytics-backend\.venv\Lib\site-packages\fastapi\middleware\asyncexitstack.py", line 18, in __call__
    await self.app(scope, receive, send)
  File "E:\ROY2\analytics\analytics-backend\.venv\Lib\site-packages\starlette\routing.py", line 670, in __call__
    await self.middleware_stack(scope, receive, send)
  File "E:\ROY2\analytics\analytics-backend\.venv\Lib\site-packages\fastapi\routing.py", line 2734, in app
    await route.handle(scope, receive, send)
  File "E:\ROY2\analytics\analytics-backend\.venv\Lib\site-packages\fastapi\routing.py", line 1780, in handle
    await self.original_router.handle(scope, receive, send)
  File "E:\ROY2\analytics\analytics-backend\.venv\Lib\site-packages\fastapi\routing.py", line 2789, in handle
    await included_router._handle_selected(scope, receive, send)
  File "E:\ROY2\analytics\analytics-backend\.venv\Lib\site-packages\fastapi\routing.py", line 1791, in _handle_selected
    await route.handle(scope, receive, send)
  File "E:\ROY2\analytics\analytics-backend\.venv\Lib\site-packages\fastapi\routing.py", line 1780, in handle
    await self.original_router.handle(scope, receive, send)
  File "E:\ROY2\analytics\analytics-backend\.venv\Lib\site-packages\fastapi\routing.py", line 2789, in handle
    await included_router._handle_selected(scope, receive, send)
  File "E:\ROY2\analytics\analytics-backend\.venv\Lib\site-packages\fastapi\routing.py", line 1800, in _handle_selected
    await original_route.handle(scope, receive, send)
  File "E:\ROY2\analytics\analytics-backend\.venv\Lib\site-packages\fastapi\routing.py", line 1279, in handle
    await app(scope, receive, send)
  File "E:\ROY2\analytics\analytics-backend\.venv\Lib\site-packages\fastapi\routing.py", line 158, in app
    await wrap_app_handling_exceptions(app, request)(scope, receive, send)
  File "E:\ROY2\analytics\analytics-backend\.venv\Lib\site-packages\starlette\_exception_handler.py", line 53, in wrapped_app
    raise exc
  File "E:\ROY2\analytics\analytics-backend\.venv\Lib\site-packages\starlette\_exception_handler.py", line 42, in wrapped_app
    await app(scope, receive, sender)
  File "E:\ROY2\analytics\analytics-backend\.venv\Lib\site-packages\fastapi\routing.py", line 144, in app
    response = await f(request)
               ^^^^^^^^^^^^^^^^
  File "E:\ROY2\analytics\analytics-backend\.venv\Lib\site-packages\fastapi\routing.py", line 706, in app
    raw_response = await run_endpoint_function(
                   ^^^^^^^^^^^^^^^^^^^^^^^^^^^^
    ...<3 lines>...
    )
    ^
  File "E:\ROY2\analytics\analytics-backend\.venv\Lib\site-packages\fastapi\routing.py", line 352, in run_endpoint_function
    return await dependant.call(**values)
           ^^^^^^^^^^^^^^^^^^^^^^^^^^^^^^
  File "E:\ROY2\analytics\analytics-backend\app\api\v1\auth.py", line 108, in refresh
    result = await service.refresh(
             ^^^^^^^^^^^^^^^^^^^^^^
    ...<3 lines>...
    )
    ^
  File "E:\ROY2\analytics\analytics-backend\app\services\auth_service.py", line 128, in refresh
    if token is None or token.expires_at < utcnow():
                        ^^^^^^^^^^^^^^^^^^^^^^^^^^^
TypeError: can't compare offset-naive and offset-aware datetimes
INFO:     127.0.0.1:52746 - "POST /api/v1/auth/refresh HTTP/1.1" 500 Internal Server Error
2026-09-02T13:17:08.095329Z [error    ] unhandled_exception            request_id=f55627ea-0c9f-4f99-bf3b-ed1c25938edb
Traceback (most recent call last):
  File "E:\ROY2\analytics\analytics-backend\.venv\Lib\site-packages\starlette\middleware\errors.py", line 164, in __call__
    await self.app(scope, receive, _send)
  File "E:\ROY2\analytics\analytics-backend\.venv\Lib\site-packages\starlette\middleware\cors.py", line 96, in __call__
    await self.simple_response(scope, receive, send, request_headers=headers)
  File "E:\ROY2\analytics\analytics-backend\.venv\Lib\site-packages\starlette\middleware\cors.py", line 154, in simple_response
    await self.app(scope, receive, send)
  File "E:\ROY2\analytics\analytics-backend\.venv\Lib\site-packages\starlette\middleware\base.py", line 193, in __call__
    response = await self.dispatch_func(request, call_next)
               ^^^^^^^^^^^^^^^^^^^^^^^^^^^^^^^^^^^^^^^^^^^^
  File "E:\ROY2\analytics\analytics-backend\app\api\middleware\request_id.py", line 20, in dispatch
    response = await call_next(request)
               ^^^^^^^^^^^^^^^^^^^^^^^^
  File "E:\ROY2\analytics\analytics-backend\.venv\Lib\site-packages\starlette\middleware\base.py", line 168, in call_next
    raise app_exc from app_exc.__cause__ or app_exc.__context__
  File "E:\ROY2\analytics\analytics-backend\.venv\Lib\site-packages\starlette\middleware\base.py", line 144, in coro
    await self.app(scope, receive_or_disconnect, send_no_error)
  File "E:\ROY2\analytics\analytics-backend\.venv\Lib\site-packages\starlette\middleware\exceptions.py", line 63, in __call__
    await wrap_app_handling_exceptions(self.app, conn)(scope, receive, send)
  File "E:\ROY2\analytics\analytics-backend\.venv\Lib\site-packages\starlette\_exception_handler.py", line 53, in wrapped_app
    raise exc
  File "E:\ROY2\analytics\analytics-backend\.venv\Lib\site-packages\starlette\_exception_handler.py", line 42, in wrapped_app
    await app(scope, receive, sender)
  File "E:\ROY2\analytics\analytics-backend\.venv\Lib\site-packages\fastapi\middleware\asyncexitstack.py", line 18, in __call__
    await self.app(scope, receive, send)
  File "E:\ROY2\analytics\analytics-backend\.venv\Lib\site-packages\starlette\routing.py", line 670, in __call__
    await self.middleware_stack(scope, receive, send)
  File "E:\ROY2\analytics\analytics-backend\.venv\Lib\site-packages\fastapi\routing.py", line 2734, in app
    await route.handle(scope, receive, send)
  File "E:\ROY2\analytics\analytics-backend\.venv\Lib\site-packages\fastapi\routing.py", line 1780, in handle
    await self.original_router.handle(scope, receive, send)
  File "E:\ROY2\analytics\analytics-backend\.venv\Lib\site-packages\fastapi\routing.py", line 2789, in handle
    await included_router._handle_selected(scope, receive, send)
  File "E:\ROY2\analytics\analytics-backend\.venv\Lib\site-packages\fastapi\routing.py", line 1791, in _handle_selected
    await route.handle(scope, receive, send)
  File "E:\ROY2\analytics\analytics-backend\.venv\Lib\site-packages\fastapi\routing.py", line 1780, in handle
    await self.original_router.handle(scope, receive, send)
  File "E:\ROY2\analytics\analytics-backend\.venv\Lib\site-packages\fastapi\routing.py", line 2789, in handle
    await included_router._handle_selected(scope, receive, send)
  File "E:\ROY2\analytics\analytics-backend\.venv\Lib\site-packages\fastapi\routing.py", line 1800, in _handle_selected
    await original_route.handle(scope, receive, send)
  File "E:\ROY2\analytics\analytics-backend\.venv\Lib\site-packages\fastapi\routing.py", line 1279, in handle
    await app(scope, receive, send)
  File "E:\ROY2\analytics\analytics-backend\.venv\Lib\site-packages\fastapi\routing.py", line 158, in app
    await wrap_app_handling_exceptions(app, request)(scope, receive, send)
  File "E:\ROY2\analytics\analytics-backend\.venv\Lib\site-packages\starlette\_exception_handler.py", line 53, in wrapped_app
    raise exc
  File "E:\ROY2\analytics\analytics-backend\.venv\Lib\site-packages\starlette\_exception_handler.py", line 42, in wrapped_app
    await app(scope, receive, sender)
  File "E:\ROY2\analytics\analytics-backend\.venv\Lib\site-packages\fastapi\routing.py", line 144, in app
    response = await f(request)
               ^^^^^^^^^^^^^^^^
  File "E:\ROY2\analytics\analytics-backend\.venv\Lib\site-packages\fastapi\routing.py", line 706, in app
    raw_response = await run_endpoint_function(
                   ^^^^^^^^^^^^^^^^^^^^^^^^^^^^
    ...<3 lines>...
    )
    ^
  File "E:\ROY2\analytics\analytics-backend\.venv\Lib\site-packages\fastapi\routing.py", line 352, in run_endpoint_function
    return await dependant.call(**values)
           ^^^^^^^^^^^^^^^^^^^^^^^^^^^^^^
  File "E:\ROY2\analytics\analytics-backend\app\api\v1\auth.py", line 108, in refresh
    result = await service.refresh(
             ^^^^^^^^^^^^^^^^^^^^^^
    ...<3 lines>...
    )
    ^
  File "E:\ROY2\analytics\analytics-backend\app\services\auth_service.py", line 128, in refresh
    if token is None or token.expires_at < utcnow():
                        ^^^^^^^^^^^^^^^^^^^^^^^^^^^
TypeError: can't compare offset-naive and offset-aware datetimes
INFO:     127.0.0.1:52747 - "POST /api/v1/auth/refresh HTTP/1.1" 500 Internal Server Error
INFO:     127.0.0.1:52757 - "POST /api/v1/auth/login HTTP/1.1" 200 OK
INFO:     127.0.0.1:52758 - "POST /api/v1/auth/login HTTP/1.1" 200 OK
INFO:     127.0.0.1:52758 - "GET /api/v1/auth/me HTTP/1.1" 200 OK
INFO:     127.0.0.1:52763 - "GET /api/v1/properties HTTP/1.1" 200 OK
INFO:     127.0.0.1:52769 - "POST /api/v1/auth/login HTTP/1.1" 200 OK
INFO:     127.0.0.1:52769 - "GET /api/v1/auth/me HTTP/1.1" 200 OK
